Info: Starting: Create block symbol file (.bsf)
Info: qsys-generate "C:\Users\Usuario\Desktop\ESPOL\9no semestre\DIGITALES 2\PRACTICO\PROYECTO7\ADC.qsys" --block-symbol-file --output-directory="C:\Users\Usuario\Desktop\ESPOL\9no semestre\DIGITALES 2\PRACTICO\PROYECTO7\ADC" --family="Cyclone V" --part=5CSXFC6D6F31C6
Progress: Loading PROYECTO7/ADC.qsys
Progress: Reading input file
Progress: Adding adc_mega_0 [altera_up_avalon_adc_mega 18.0]
Progress: Parameterizing module adc_mega_0
Progress: Building connections
Progress: Parameterizing connections
Progress: Validating
Progress: Done reading input file
Info: qsys-generate succeeded.
Info: Finished: Create block symbol file (.bsf)
Info: 
Info: Starting: Create HDL design files for synthesis
Info: qsys-generate "C:\Users\Usuario\Desktop\ESPOL\9no semestre\DIGITALES 2\PRACTICO\PROYECTO7\ADC.qsys" --synthesis=VERILOG --output-directory="C:\Users\Usuario\Desktop\ESPOL\9no semestre\DIGITALES 2\PRACTICO\PROYECTO7\ADC\synthesis" --family="Cyclone V" --part=5CSXFC6D6F31C6
Progress: Loading PROYECTO7/ADC.qsys
Progress: Reading input file
Progress: Adding adc_mega_0 [altera_up_avalon_adc_mega 18.0]
Progress: Parameterizing module adc_mega_0
Progress: Building connections
Progress: Parameterizing connections
Progress: Validating
Progress: Done reading input file
Info: ADC: Generating ADC "ADC" for QUARTUS_SYNTH
Info: adc_mega_0: Starting Generation of ADC Controller for DE-series Board
Info: adc_mega_0: D:/intelfpga_lite/19.1/ip/altera/university_program/input_output/altera_up_avalon_adc/hdl/altera_up_avalon_adv_adc.v C:/Users/Usuario/AppData/Local/Temp/alt9578_3218413869246931863.dir/0002_sopcgen/ADC_adc_mega_0.v
Info: adc_mega_0: "ADC" instantiated altera_up_avalon_adc_mega "adc_mega_0"
Info: ADC: Done "ADC" with 2 modules, 3 files
Info: qsys-generate succeeded.
Info: Finished: Create HDL design files for synthesis
